// Jest Snapshot v1, https://goo.gl/fbAQLP

exports[`<Selectors> should highlight the selected tab 1`] = `
<DocumentFragment>
  <div
    class="makeStyles-container-9 MuiBox-root css-0"
  >
    <div
      class="MuiBox-root css-0"
      role="tablist"
    >
      <button
        class="MuiButton-root MuiButton-contained MuiButton-containedPrimary MuiButton-sizeMedium MuiButton-containedSizeMedium MuiButton-disableElevation MuiButtonBase-root makeStyles-button-10 makeStyles-active-11 css-1qk2aq7-MuiButtonBase-root-MuiButton-root"
        role="tab"
        tabindex="0"
        type="button"
      >
        Foo
      </button>
      <button
        class="MuiButton-root MuiButton-contained MuiButton-containedPrimary MuiButton-sizeMedium MuiButton-containedSizeMedium MuiButton-disableElevation MuiButtonBase-root makeStyles-button-10 css-1qk2aq7-MuiButtonBase-root-MuiButton-root"
        role="tab"
        tabindex="0"
        type="button"
      >
        Bar
      </button>
    </div>
    <div
      class="MuiBox-root css-0"
    >
      <p
        class="MuiTypography-root MuiTypography-body1 makeStyles-results-12 css-1hivc1e-MuiTypography-root"
        role="heading"
      >
        10 Foos
      </p>
    </div>
  </div>
</DocumentFragment>
`;
